Microchip MPLAB XC8 Compiler V3.10

Linker command line:

-W-3 \
  --edf=C:\Program Files\Microchip\xc8\v3.10\pic\dat\20250813170317_en.msgs \
  -cn -h+dist/default/production\MR_final.X.production.sym \
  --cmf=dist/default/production\MR_final.X.production.cmf -z -Q16F887 \
  -oC:\Users\PC\AppData\Local\Temp\xcAsldw.0\driver_tmp_3.o \
  --defsym=__MPLAB_BUILD=1 --fixupoverflow=error \
  -Mdist/default/production/MR_final.X.production.map \
  --md=C:\Users\PC\AppData\Local\Temp\xcAsldw.0\driver_tmp_0.dat -E1 \
  -ver=XC8 Compiler -ACODE=00h-07FFhx4 -ASTRCODE=00h-01FFFh \
  -ASTRING=00h-0FFhx32 -ACONST=00h-0FFhx32 -AENTRY=00h-0FFhx32 \
  -ACOMMON=070h-07Fh -ABANK0=020h-06Fh -ABANK1=0A0h-0EFh \
  -ABANK2=0110h-016Fh -ABANK3=0190h-01EFh \
  -ARAM=020h-06Fh,0A0h-0EFh,0110h-016Fh,0190h-01EFh \
  -AABS1=020h-07Fh,0A0h-0EFh,0110h-016Fh,0190h-01EFh -ASFR0=00h-01Fh \
  -ASFR1=080h-09Fh -ASFR2=0100h-010Fh -ASFR3=0180h-018Fh \
  -ACONFIG=02007h-02008h -DCONFIG=2 -AIDLOC=02000h-02003h -DIDLOC=2 \
  -AEEDATA=00h-0FFh/02100h -peeprom_data=EEDATA -DEEDATA=2 -DCODE=2 \
  -DSTRCODE=2 -DSTRING=2 -DCONST=2 -DENTRY=2 \
  -preset_vec=00h,intentry,sivt,init,end_init -ppowerup=CODE -pcinit=CODE \
  -pfunctab=ENTRY -k \
  C:\Users\PC\AppData\Local\Temp\xcAsldw.0\driver_tmp_12.o \
  dist/default/production\MR_final.X.production.o 

Object code version is 3.11

Machine type is 16F887



                Name                               Link     Load   Length Selector   Space Scale
C:\Users\PC\AppData\Local\Temp\xcAsldw.0\driver_tmp_12.o
                end_init                              0        0        3        0       0
                config                             2007     2007        2        0       4
dist/default/production\MR_final.X.production.o
                cinit                               7FC      7FC        4      FF8       0
                config                             2007     2007        2        0       4
                text6                               41F      41F       8E      83E       0
                text5                               3A8      3A8       10      750       0
                text4                               573      573      13A      AE6       0
                text3                               4AD      4AD       C6      95A       0
                text2                               3B8      3B8       67      770       0
                text1                               39E      39E        A      73C       0
                maintext                            6AD      6AD      14F      D5A       0
                cstackBANK0                          20       20        9       20       1
                cstackCOMMON                         70       70        7       70       1

TOTAL           Name                               Link     Load   Length     Space
        CLASS   CODE           
                end_init                              0        0        3         0
                cinit                               7FC      7FC        4         0
                text6                               41F      41F       8E         0
                text5                               3A8      3A8       10         0
                text4                               573      573      13A         0
                text3                               4AD      4AD       C6         0
                text2                               3B8      3B8       67         0
                text1                               39E      39E        A         0
                maintext                            6AD      6AD      14F         0

        CLASS   STRCODE        

        CLASS   STRING         

        CLASS   CONST          

        CLASS   ENTRY          

        CLASS   COMMON         
                cstackCOMMON                         70       70        7         1

        CLASS   BANK0          
                cstackBANK0                          20       20        9         1

        CLASS   BANK1          

        CLASS   BANK2          

        CLASS   BANK3          

        CLASS   RAM            

        CLASS   ABS1           
                abs_s1                               7E       7E        2         1

        CLASS   SFR0           

        CLASS   SFR1           

        CLASS   SFR2           

        CLASS   SFR3           

        CLASS   CONFIG         
                config                             2007     2007        2         4

        CLASS   IDLOC          

        CLASS   EEDATA         

        CLASS   HEAP           

        CLASS   STACK          



SEGMENTS        Name                           Load    Length   Top    Selector   Space  Class     Delta

                reset_vec                      000000  000003  000003         0       0  CODE        2
                cstackBANK0                    000020  000009  000029        20       1  BANK0       1
                cstackCOMMON                   000070  000007  000077        70       1  COMMON      1
                text1                          00039E  00000A  0003A8       73C       0  CODE        2
                text5                          0003A8  000010  0003B8       750       0  CODE        2
                text2                          0003B8  000067  00041F       770       0  CODE        2
                text6                          00041F  00008E  0004AD       83E       0  CODE        2
                text3                          0004AD  0000C6  000573       95A       0  CODE        2
                text4                          000573  00013A  0006AD       AE6       0  CODE        2
                maintext                       0006AD  00014F  0007FC       D5A       0  CODE        2
                cinit                          0007FC  000004  000800       FF8       0  CODE        2


UNUSED ADDRESS RANGES

        Name                Unused          Largest block    Delta
        BANK0            0029-006F             47           1
        BANK1            00A0-00EF             50           1
        BANK2            0110-016F             60           1
        BANK3            0190-01EF             60           1
        CODE             0003-039D            39B           2
                         0800-1FFF            800
        COMMON           0077-007D              7           1
        CONST            0003-039D            100           2
                         0800-1FFF            100
        EEDATA           2100-21FF            100           2
        ENTRY            0003-039D            100           2
                         0800-1FFF            100
        IDLOC            2000-2003              4           2
        RAM              0029-006F             47           1
                         00A0-00EF             50
                         0110-016F             60
                         0190-01EF             60
        SFR0             0000-001F             20           1
        SFR1             0080-009F             20           1
        SFR2             0100-010F             10           1
        SFR3             0180-018F             10           1
        STRCODE          0003-039D            39B           2
                         0800-1FFF           1800
        STRING           0003-039D            100           2
                         0800-1FFF            100

                                  Symbol Table

HAL_GPIO_PullUpEnable@pin      cstackCOMMON 0071
HAL_GPIO_ReadPin@bit_status    cstackCOMMON 0074
HAL_GPIO_ReadPin@pin           cstackCOMMON 0070
HAL_GPIO_ReadPin@port          cstackCOMMON 0073
HAL_GPIO_SetDirection@dir      cstackCOMMON 0071
HAL_GPIO_SetDirection@pin      cstackCOMMON 0070
HAL_GPIO_SetDirection@port     cstackCOMMON 0074
HAL_GPIO_WritePin@pin          cstackCOMMON 0070
HAL_GPIO_WritePin@port         cstackCOMMON 0074
HAL_GPIO_WritePin@state        cstackCOMMON 0071
_ANSEL                         (abs)        0188
_ANSELH                        (abs)        0189
_HAL_GPIO_PullUpEnable         text5        03A8
_HAL_GPIO_ReadPin              text6        041F
_HAL_GPIO_SetDirection         text4        0573
_HAL_GPIO_WritePin             text3        04AD
_INTCONbits                    (abs)        000B
_OPTION_REGbits                (abs)        0081
_PORTA                         (abs)        0005
_PORTB                         (abs)        0006
_PORTC                         (abs)        0007
_PORTD                         (abs)        0008
_PORTE                         (abs)        0009
_System_GPIO_Config            text2        03B8
_TRISA                         (abs)        0085
_TRISB                         (abs)        0086
_TRISC                         (abs)        0087
_TRISD                         (abs)        0088
_TRISE                         (abs)        0089
_WPUB                          (abs)        0095
__H__absolute__                __absolute__ 0000
__Habs1                        abs1         0000
__Hbank0                       bank0        0000
__Hbank1                       bank1        0000
__Hbank2                       bank2        0000
__Hbank3                       bank3        0000
__Hcinit                       cinit        0800
__Hclrtext                     clrtext      0000
__Hcode                        code         0000
__Hcommon                      common       0000
__Hconfig                      config       2009
__HcstackBANK0                 cstackBANK0  0000
__HcstackCOMMON                cstackCOMMON 0000
__Heeprom_data                 eeprom_data  0000
__Hend_init                    end_init     0003
__Hfunctab                     functab      0000
__Hheap                        heap         0000
__Hinit                        init         0000
__Hintentry                    intentry     0000
__Hmaintext                    maintext     0000
__Hpowerup                     powerup      0000
__Hram                         ram          0000
__Hreset_vec                   reset_vec    0000
__Hsfr0                        sfr0         0000
__Hsfr1                        sfr1         0000
__Hsfr2                        sfr2         0000
__Hsfr3                        sfr3         0000
__Hsivt                        sivt         0000
__Hspace_0                     (abs)        0800
__Hspace_1                     (abs)        0077
__Hspace_2                     (abs)        0000
__Hspace_3                     (abs)        0000
__Hspace_4                     (abs)        4010
__Hstack                       stack        0000
__Hstrings                     strings      0000
__Htext                        text         0000
__L__absolute__                __absolute__ 0000
__Labs1                        abs1         0000
__Lbank0                       bank0        0000
__Lbank1                       bank1        0000
__Lbank2                       bank2        0000
__Lbank3                       bank3        0000
__Lcinit                       cinit        07FC
__Lclrtext                     clrtext      0000
__Lcode                        code         0000
__Lcommon                      common       0000
__Lconfig                      config       0000
__LcstackBANK0                 cstackBANK0  0000
__LcstackCOMMON                cstackCOMMON 0000
__Leeprom_data                 eeprom_data  0000
__Lend_init                    end_init     0000
__Lfunctab                     functab      0000
__Lheap                        heap         0000
__Linit                        init         0000
__Lintentry                    intentry     0000
__Lmaintext                    maintext     0000
__Lpowerup                     powerup      0000
__Lram                         ram          0000
__Lreset_vec                   reset_vec    0000
__Lsfr0                        sfr0         0000
__Lsfr1                        sfr1         0000
__Lsfr2                        sfr2         0000
__Lsfr3                        sfr3         0000
__Lsivt                        sivt         0000
__Lspace_0                     (abs)        0000
__Lspace_1                     (abs)        0000
__Lspace_2                     (abs)        0000
__Lspace_3                     (abs)        0000
__Lspace_4                     (abs)        0000
__Lstack                       stack        0000
__Lstrings                     strings      0000
__Ltext                        text         0000
__S0                           (abs)        0800
__S1                           (abs)        0077
__S3                           (abs)        0000
___heap_hi                     (abs)        0000
___heap_lo                     (abs)        0000
___int_sp                      stack        0000
___int_stack_hi                stack        0000
___int_stack_lo                stack        0000
___latbits                     (abs)        0002
___sp                          stack        0000
___stack_hi                    stack        0000
___stack_lo                    stack        0000
___stackhi                     (abs)        0000
___stacklo                     (abs)        0000
__end_of_HAL_GPIO_PullUpEnable text5        03B8
__end_of_HAL_GPIO_ReadPin      text6        04AD
__end_of_HAL_GPIO_SetDirection text4        06AD
__end_of_HAL_GPIO_WritePin     text3        0573
__end_of_System_GPIO_Config    text2        041F
__end_of__initialization       cinit        07FC
__end_of_main                  maintext     07FC
__end_of_sys_config            text1        03A8
__initialization               cinit        07FC
__pcstackBANK0                 cstackBANK0  0020
__pcstackCOMMON                cstackCOMMON 0070
__pmaintext                    maintext     06AD
__ptext1                       text1        039E
__ptext2                       text2        03B8
__ptext3                       text3        04AD
__ptext4                       text4        0573
__ptext5                       text5        03A8
__ptext6                       text6        041F
_main                          maintext     06AD
_sys_config                    text1        039E
btemp                          (abs)        007E
btemp0                         (abs)        007E
btemp1                         (abs)        007F
end_of_initialization          cinit        07FC
intlevel0                      functab      0000
intlevel1                      functab      0000
intlevel2                      functab      0000
intlevel3                      functab      0000
intlevel4                      functab      0000
intlevel5                      functab      0000
ltemp0a                        (abs)        0080
main@bt1                       cstackBANK0  0026
main@bt2                       cstackBANK0  0027
main@bt3                       cstackBANK0  0028
main@i                         cstackBANK0  0020
main@i_72                      cstackBANK0  0022
main@i_73                      cstackBANK0  0024
reset_vec                      reset_vec    0000
start                          init         0000
start_initialization           cinit        07FC
ttemp0a                        (abs)        007F
wtemp0                         (abs)        007E
wtemp0a                        (abs)        007F


MODULE INFORMATION

Module		Function		Class		Link	Load	Size
hal/hal_gpio.c
		_HAL_GPIO_SetDirection		CODE           	0573	0000	314
		_HAL_GPIO_PullUpEnable		CODE           	03A8	0000	16
		_HAL_GPIO_ReadPin		CODE           	041F	0000	142
		_HAL_GPIO_WritePin		CODE           	04AD	0000	198

hal/hal_gpio.c estimated size: 670

shared
		__initialization		CODE           	07FC	0000	1

shared estimated size: 1

sys/sys_config.c
		_System_GPIO_Config		CODE           	03B8	0000	103
		_sys_config    		CODE           	039E	0000	10

sys/sys_config.c estimated size: 113

main.c
		_main          		CODE           	06AD	0000	335

main.c estimated size: 335

